// Jest Snapshot v1, https://goo.gl/fbAQLP

exports[`Tests on <FirstApp /> should match the snapshot 1`] = `
<div>
  <h1
    data-testid="test-title"
  >
    Hi, im kunjo
  </h1>
  <p>
    No hay subtítulo
  </p>
  <p>
    No hay subtítulo
  </p>
  <p>
    Fernando Herrera
  </p>
</div>
`;
